../Core/Src/main.c:100:5:main	8	static
../Core/Src/main.c:187:6:SystemClock_Config	72	static
../Core/Src/main.c:227:13:MX_CAN_Init	8	static
../Core/Src/main.c:264:13:MX_TIM3_Init	32	static
../Core/Src/main.c:309:13:MX_USART1_UART_Init	8	static
../Core/Src/main.c:342:13:MX_GPIO_Init	40	static
../Core/Src/main.c:378:6:MainTask	2008	static
../Core/Src/main.c:425:6:CAN_Recv	16	static
../Core/Src/main.c:475:6:CAN_Monitor	16	static
../Core/Src/main.c:495:6:HAL_TIM_PeriodElapsedCallback	16	static
../Core/Src/main.c:512:6:Error_Handler	4	static,ignoring_inline_asm
