../Core/Src/main.c:100:5:main	8	static
../Core/Src/main.c:191:6:SystemClock_Config	72	static
../Core/Src/main.c:231:13:MX_CAN_Init	8	static
../Core/Src/main.c:268:13:MX_TIM3_Init	32	static
../Core/Src/main.c:313:13:MX_USART1_UART_Init	8	static
../Core/Src/main.c:346:13:MX_GPIO_Init	40	static
../Core/Src/main.c:382:6:MainTask	1744	static
../Core/Src/main.c:414:6:CAN_Recv	16	static
../Core/Src/main.c:445:6:CAN_Monitor	16	static
../Core/Src/main.c:465:6:HAL_TIM_PeriodElapsedCallback	16	static
../Core/Src/main.c:482:6:Error_Handler	4	static,ignoring_inline_asm
