12:33:04 **** Incremental Build of configuration Debug for project CAN_Goft ****
make -j8 all 
arm-none-eabi-gcc "../CANlibrary/CAN_OSI.c" -mcpu=cortex-m3 -std=gnu11 -g3 -DDEBUG -DUSE_HAL_DRIVER -DSTM32F103xB -c -I../Core/Inc -I../Drivers/STM32F1xx_HAL_Driver/Inc/Legacy -I../Drivers/STM32F1xx_HAL_Driver/Inc -I../Drivers/CMSIS/Device/ST/STM32F1xx/Include -I../Drivers/CMSIS/Include -I../CRC -I../CANlibrary -O0 -ffunction-sections -fdata-sections -Wall -fstack-usage -fcyclomatic-complexity -MMD -MP -MF"CANlibrary/CAN_OSI.d" -MT"CANlibrary/CAN_OSI.o" --specs=nano.specs -mfloat-abi=soft -mthumb -o "CANlibrary/CAN_OSI.o"
arm-none-eabi-gcc -o "CAN_Goft.elf" @"objects.list"   -mcpu=cortex-m3 -T"D:\CAN_Workspace\CAN_Goft\STM32F103C8TX_FLASH.ld" --specs=nosys.specs -Wl,-Map="CAN_Goft.map" -Wl,--gc-sections -static --specs=nano.specs -mfloat-abi=soft -mthumb -Wl,--start-group -lc -lm -Wl,--end-group
Finished building target: CAN_Goft.elf
 
arm-none-eabi-size   CAN_Goft.elf 
arm-none-eabi-objdump -h -S  CAN_Goft.elf  > "CAN_Goft.list"
   text	   data	    bss	    dec	    hex	filename
  12060	    100	   2012	  14172	   375c	CAN_Goft.elf
Finished building: default.size.stdout
 
Finished building: CAN_Goft.list
 
12:34:16 **** Incremental Build of configuration Debug for project CAN_Goft ****
make -j8 all 
arm-none-eabi-gcc "../CANlibrary/CAN_OSI.c" -mcpu=cortex-m3 -std=gnu11 -g3 -DDEBUG -DUSE_HAL_DRIVER -DSTM32F103xB -c -I../Core/Inc -I../Drivers/STM32F1xx_HAL_Driver/Inc/Legacy -I../Drivers/STM32F1xx_HAL_Driver/Inc -I../Drivers/CMSIS/Device/ST/STM32F1xx/Include -I../Drivers/CMSIS/Include -I../CRC -I../CANlibrary -O0 -ffunction-sections -fdata-sections -Wall -fstack-usage -fcyclomatic-complexity -MMD -MP -MF"CANlibrary/CAN_OSI.d" -MT"CANlibrary/CAN_OSI.o" --specs=nano.specs -mfloat-abi=soft -mthumb -o "CANlibrary/CAN_OSI.o"
arm-none-eabi-gcc -o "CAN_Goft.elf" @"objects.list"   -mcpu=cortex-m3 -T"D:\CAN_Workspace\CAN_Goft\STM32F103C8TX_FLASH.ld" --specs=nosys.specs -Wl,-Map="CAN_Goft.map" -Wl,--gc-sections -static --specs=nano.specs -mfloat-abi=soft -mthumb -Wl,--start-group -lc -lm -Wl,--end-group
Finished building target: CAN_Goft.elf
 
arm-none-eabi-size   CAN_Goft.elf 
arm-none-eabi-objdump -h -S  CAN_Goft.elf  > "CAN_Goft.list"
   text	   data	    bss	    dec	    hex	filename
  11980	    100	   2012	  14092	   370c	CAN_Goft.elf
Finished building: default.size.stdout
 
Finished building: CAN_Goft.list
 
12:34:44 **** Incremental Build of configuration Debug for project CAN_Goft ****
make -j8 all 
arm-none-eabi-gcc "../Core/Src/main.c" -mcpu=cortex-m3 -std=gnu11 -g3 -DDEBUG -DUSE_HAL_DRIVER -DSTM32F103xB -c -I../Core/Inc -I../Drivers/STM32F1xx_HAL_Driver/Inc/Legacy -I../Drivers/STM32F1xx_HAL_Driver/Inc -I../Drivers/CMSIS/Device/ST/STM32F1xx/Include -I../Drivers/CMSIS/Include -I../CRC -I../CANlibrary -O0 -ffunction-sections -fdata-sections -Wall -fstack-usage -fcyclomatic-complexity -MMD -MP -MF"Core/Src/main.d" -MT"Core/Src/main.o" --specs=nano.specs -mfloat-abi=soft -mthumb -o "Core/Src/main.o"
../Core/Src/main.c: In function 'main':
../Core/Src/main.c:115:12: warning: unused variable 'cnt' [-Wunused-variable]
  115 |   uint32_t cnt=0;
      |            ^~~
../Core/Src/main.c:114:11: warning: unused variable 'Len' [-Wunused-variable]
  114 |   uint8_t Len=0;
      |           ^~~
../Core/Src/main.c:112:11: warning: variable 'Data' set but not used [-Wunused-but-set-variable]
  112 |   uint8_t Data[64]={0};
      |           ^~~~
../Core/Src/main.c:111:11: warning: unused variable 'DataRec' [-Wunused-variable]
  111 |   uint8_t DataRec[16];
      |           ^~~~~~~
../Core/Src/main.c:107:23: warning: unused variable 'RxHeader' [-Wunused-variable]
  107 |   CAN_RxHeaderTypeDef RxHeader;
      |                       ^~~~~~~~
../Core/Src/main.c:102:24: warning: variable 'pIDtype' set but not used [-Wunused-but-set-variable]
  102 |   CANConfigIDTxtypedef pIDtype;
      |                        ^~~~~~~
../Core/Src/main.c:101:12: warning: unused variable 'Txmailbox' [-Wunused-variable]
  101 |   uint32_t Txmailbox;
      |            ^~~~~~~~~
arm-none-eabi-gcc -o "CAN_Goft.elf" @"objects.list"   -mcpu=cortex-m3 -T"D:\CAN_Workspace\CAN_Goft\STM32F103C8TX_FLASH.ld" --specs=nosys.specs -Wl,-Map="CAN_Goft.map" -Wl,--gc-sections -static --specs=nano.specs -mfloat-abi=soft -mthumb -Wl,--start-group -lc -lm -Wl,--end-group
Finished building target: CAN_Goft.elf
 
arm-none-eabi-size   CAN_Goft.elf 
arm-none-eabi-objdump -h -S  CAN_Goft.elf  > "CAN_Goft.list"
   text	   data	    bss	    dec	    hex	filename
  12484	    100	   2012	  14596	   3904	CAN_Goft.elf
Finished building: default.size.stdout
 
Finished building: CAN_Goft.list
 
12:35:39 **** Incremental Build of configuration Debug for project CAN_Goft ****
make -j8 all 
arm-none-eabi-size   CAN_Goft.elf 
   text	   data	    bss	    dec	    hex	filename
  12484	    100	   2012	  14596	   3904	CAN_Goft.elf
Finished building: default.size.stdout
 
13:40:47 **** Incremental Build of configuration Debug for project CAN_Goft ****
make -j8 all 
arm-none-eabi-gcc "../Core/Src/main.c" -mcpu=cortex-m3 -std=gnu11 -g3 -DDEBUG -DUSE_HAL_DRIVER -DSTM32F103xB -c -I../Core/Inc -I../Drivers/STM32F1xx_HAL_Driver/Inc/Legacy -I../Drivers/STM32F1xx_HAL_Driver/Inc -I../Drivers/CMSIS/Device/ST/STM32F1xx/Include -I../Drivers/CMSIS/Include -I../CRC -I../CANlibrary -O0 -ffunction-sections -fdata-sections -Wall -fstack-usage -fcyclomatic-complexity -MMD -MP -MF"Core/Src/main.d" -MT"Core/Src/main.o" --specs=nano.specs -mfloat-abi=soft -mthumb -o "Core/Src/main.o"
arm-none-eabi-gcc "../CANlibrary/CAN_Init.c" -mcpu=cortex-m3 -std=gnu11 -g3 -DDEBUG -DUSE_HAL_DRIVER -DSTM32F103xB -c -I../Core/Inc -I../Drivers/STM32F1xx_HAL_Driver/Inc/Legacy -I../Drivers/STM32F1xx_HAL_Driver/Inc -I../Drivers/CMSIS/Device/ST/STM32F1xx/Include -I../Drivers/CMSIS/Include -I../CRC -I../CANlibrary -O0 -ffunction-sections -fdata-sections -Wall -fstack-usage -fcyclomatic-complexity -MMD -MP -MF"CANlibrary/CAN_Init.d" -MT"CANlibrary/CAN_Init.o" --specs=nano.specs -mfloat-abi=soft -mthumb -o "CANlibrary/CAN_Init.o"
arm-none-eabi-gcc "../CANlibrary/CAN_OSI.c" -mcpu=cortex-m3 -std=gnu11 -g3 -DDEBUG -DUSE_HAL_DRIVER -DSTM32F103xB -c -I../Core/Inc -I../Drivers/STM32F1xx_HAL_Driver/Inc/Legacy -I../Drivers/STM32F1xx_HAL_Driver/Inc -I../Drivers/CMSIS/Device/ST/STM32F1xx/Include -I../Drivers/CMSIS/Include -I../CRC -I../CANlibrary -O0 -ffunction-sections -fdata-sections -Wall -fstack-usage -fcyclomatic-complexity -MMD -MP -MF"CANlibrary/CAN_OSI.d" -MT"CANlibrary/CAN_OSI.o" --specs=nano.specs -mfloat-abi=soft -mthumb -o "CANlibrary/CAN_OSI.o"
../Core/Src/main.c: In function 'main':
../Core/Src/main.c:115:12: warning: unused variable 'cnt' [-Wunused-variable]
  115 |   uint32_t cnt=0;
      |            ^~~
../Core/Src/main.c:114:11: warning: unused variable 'Len' [-Wunused-variable]
  114 |   uint8_t Len=0;
      |           ^~~
../Core/Src/main.c:112:11: warning: variable 'Data' set but not used [-Wunused-but-set-variable]
  112 |   uint8_t Data[64]={0};
      |           ^~~~
../Core/Src/main.c:111:11: warning: unused variable 'DataRec' [-Wunused-variable]
  111 |   uint8_t DataRec[16];
      |           ^~~~~~~
../Core/Src/main.c:107:23: warning: unused variable 'RxHeader' [-Wunused-variable]
  107 |   CAN_RxHeaderTypeDef RxHeader;
      |                       ^~~~~~~~
../Core/Src/main.c:102:24: warning: variable 'pIDtype' set but not used [-Wunused-but-set-variable]
  102 |   CANConfigIDTxtypedef pIDtype;
      |                        ^~~~~~~
../Core/Src/main.c:101:12: warning: unused variable 'Txmailbox' [-Wunused-variable]
  101 |   uint32_t Txmailbox;
      |            ^~~~~~~~~
arm-none-eabi-gcc -o "CAN_Goft.elf" @"objects.list"   -mcpu=cortex-m3 -T"D:\CAN_Workspace\CAN_Goft\STM32F103C8TX_FLASH.ld" --specs=nosys.specs -Wl,-Map="CAN_Goft.map" -Wl,--gc-sections -static --specs=nano.specs -mfloat-abi=soft -mthumb -Wl,--start-group -lc -lm -Wl,--end-group
Finished building target: CAN_Goft.elf
 
arm-none-eabi-size   CAN_Goft.elf 
arm-none-eabi-objdump -h -S  CAN_Goft.elf  > "CAN_Goft.list"
   text	   data	    bss	    dec	    hex	filename
  12484	    100	   2012	  14596	   3904	CAN_Goft.elf
Finished building: default.size.stdout
 
Finished building: CAN_Goft.list
 
13:40:59 **** Incremental Build of configuration Debug for project CAN_Goft ****
make -j8 all 
arm-none-eabi-size   CAN_Goft.elf 
   text	   data	    bss	    dec	    hex	filename
  12484	    100	   2012	  14596	   3904	CAN_Goft.elf
Finished building: default.size.stdout
 
13:41:32 **** Incremental Build of configuration Debug for project CAN_Goft ****
make -j8 all 
arm-none-eabi-gcc "../Core/Src/main.c" -mcpu=cortex-m3 -std=gnu11 -g3 -DDEBUG -DUSE_HAL_DRIVER -DSTM32F103xB -c -I../Core/Inc -I../Drivers/STM32F1xx_HAL_Driver/Inc/Legacy -I../Drivers/STM32F1xx_HAL_Driver/Inc -I../Drivers/CMSIS/Device/ST/STM32F1xx/Include -I../Drivers/CMSIS/Include -I../CRC -I../CANlibrary -O0 -ffunction-sections -fdata-sections -Wall -fstack-usage -fcyclomatic-complexity -MMD -MP -MF"Core/Src/main.d" -MT"Core/Src/main.o" --specs=nano.specs -mfloat-abi=soft -mthumb -o "Core/Src/main.o"
../Core/Src/main.c: In function 'main':
../Core/Src/main.c:115:12: warning: unused variable 'cnt' [-Wunused-variable]
  115 |   uint32_t cnt=0;
      |            ^~~
../Core/Src/main.c:114:11: warning: unused variable 'Len' [-Wunused-variable]
  114 |   uint8_t Len=0;
      |           ^~~
../Core/Src/main.c:113:11: warning: unused variable 'mess' [-Wunused-variable]
  113 |   uint8_t mess[100]={0};
      |           ^~~~
../Core/Src/main.c:111:11: warning: unused variable 'DataRec' [-Wunused-variable]
  111 |   uint8_t DataRec[16];
      |           ^~~~~~~
../Core/Src/main.c:108:23: warning: unused variable 'FlagRec' [-Wunused-variable]
  108 |   FlagRecNotification FlagRec;
      |                       ^~~~~~~
../Core/Src/main.c:107:23: warning: unused variable 'RxHeader' [-Wunused-variable]
  107 |   CAN_RxHeaderTypeDef RxHeader;
      |                       ^~~~~~~~
../Core/Src/main.c:101:12: warning: unused variable 'Txmailbox' [-Wunused-variable]
  101 |   uint32_t Txmailbox;
      |            ^~~~~~~~~
arm-none-eabi-gcc -o "CAN_Goft.elf" @"objects.list"   -mcpu=cortex-m3 -T"D:\CAN_Workspace\CAN_Goft\STM32F103C8TX_FLASH.ld" --specs=nosys.specs -Wl,-Map="CAN_Goft.map" -Wl,--gc-sections -static --specs=nano.specs -mfloat-abi=soft -mthumb -Wl,--start-group -lc -lm -Wl,--end-group
Finished building target: CAN_Goft.elf
 
arm-none-eabi-size   CAN_Goft.elf 
arm-none-eabi-objdump -h -S  CAN_Goft.elf  > "CAN_Goft.list"
   text	   data	    bss	    dec	    hex	filename
  10308	     20	   1684	  12012	   2eec	CAN_Goft.elf
Finished building: default.size.stdout
 
Finished building: CAN_Goft.list
 
13:43:32 **** Incremental Build of configuration Debug for project CAN_Goft ****
make -j8 all 
arm-none-eabi-gcc "../Core/Src/main.c" -mcpu=cortex-m3 -std=gnu11 -g3 -DDEBUG -DUSE_HAL_DRIVER -DSTM32F103xB -c -I../Core/Inc -I../Drivers/STM32F1xx_HAL_Driver/Inc/Legacy -I../Drivers/STM32F1xx_HAL_Driver/Inc -I../Drivers/CMSIS/Device/ST/STM32F1xx/Include -I../Drivers/CMSIS/Include -I../CRC -I../CANlibrary -O0 -ffunction-sections -fdata-sections -Wall -fstack-usage -fcyclomatic-complexity -MMD -MP -MF"Core/Src/main.d" -MT"Core/Src/main.o" --specs=nano.specs -mfloat-abi=soft -mthumb -o "Core/Src/main.o"
arm-none-eabi-gcc "../CANlibrary/CAN_OSI.c" -mcpu=cortex-m3 -std=gnu11 -g3 -DDEBUG -DUSE_HAL_DRIVER -DSTM32F103xB -c -I../Core/Inc -I../Drivers/STM32F1xx_HAL_Driver/Inc/Legacy -I../Drivers/STM32F1xx_HAL_Driver/Inc -I../Drivers/CMSIS/Device/ST/STM32F1xx/Include -I../Drivers/CMSIS/Include -I../CRC -I../CANlibrary -O0 -ffunction-sections -fdata-sections -Wall -fstack-usage -fcyclomatic-complexity -MMD -MP -MF"CANlibrary/CAN_OSI.d" -MT"CANlibrary/CAN_OSI.o" --specs=nano.specs -mfloat-abi=soft -mthumb -o "CANlibrary/CAN_OSI.o"
../Core/Src/main.c: In function 'main':
../Core/Src/main.c:115:12: warning: unused variable 'cnt' [-Wunused-variable]
  115 |   uint32_t cnt=0;
      |            ^~~
../Core/Src/main.c:114:11: warning: unused variable 'Len' [-Wunused-variable]
  114 |   uint8_t Len=0;
      |           ^~~
../Core/Src/main.c:112:11: warning: variable 'Data' set but not used [-Wunused-but-set-variable]
  112 |   uint8_t Data[64]={0};
      |           ^~~~
../Core/Src/main.c:111:11: warning: unused variable 'DataRec' [-Wunused-variable]
  111 |   uint8_t DataRec[16];
      |           ^~~~~~~
../Core/Src/main.c:107:23: warning: unused variable 'RxHeader' [-Wunused-variable]
  107 |   CAN_RxHeaderTypeDef RxHeader;
      |                       ^~~~~~~~
../Core/Src/main.c:102:24: warning: variable 'pIDtype' set but not used [-Wunused-but-set-variable]
  102 |   CANConfigIDTxtypedef pIDtype;
      |                        ^~~~~~~
../Core/Src/main.c:101:12: warning: unused variable 'Txmailbox' [-Wunused-variable]
  101 |   uint32_t Txmailbox;
      |            ^~~~~~~~~
arm-none-eabi-gcc -o "CAN_Goft.elf" @"objects.list"   -mcpu=cortex-m3 -T"D:\CAN_Workspace\CAN_Goft\STM32F103C8TX_FLASH.ld" --specs=nosys.specs -Wl,-Map="CAN_Goft.map" -Wl,--gc-sections -static --specs=nano.specs -mfloat-abi=soft -mthumb -Wl,--start-group -lc -lm -Wl,--end-group
Finished building target: CAN_Goft.elf
 
arm-none-eabi-size   CAN_Goft.elf 
arm-none-eabi-objdump -h -S  CAN_Goft.elf  > "CAN_Goft.list"
   text	   data	    bss	    dec	    hex	filename
  12476	    100	   2012	  14588	   38fc	CAN_Goft.elf
Finished building: default.size.stdout
 
Finished building: CAN_Goft.list
 
13:45:49 **** Incremental Build of configuration Debug for project CAN_Goft ****
make -j8 all 
arm-none-eabi-gcc "../Core/Src/main.c" -mcpu=cortex-m3 -std=gnu11 -g3 -DDEBUG -DUSE_HAL_DRIVER -DSTM32F103xB -c -I../Core/Inc -I../Drivers/STM32F1xx_HAL_Driver/Inc/Legacy -I../Drivers/STM32F1xx_HAL_Driver/Inc -I../Drivers/CMSIS/Device/ST/STM32F1xx/Include -I../Drivers/CMSIS/Include -I../CRC -I../CANlibrary -O0 -ffunction-sections -fdata-sections -Wall -fstack-usage -fcyclomatic-complexity -MMD -MP -MF"Core/Src/main.d" -MT"Core/Src/main.o" --specs=nano.specs -mfloat-abi=soft -mthumb -o "Core/Src/main.o"
arm-none-eabi-gcc "../CANlibrary/CAN_Init.c" -mcpu=cortex-m3 -std=gnu11 -g3 -DDEBUG -DUSE_HAL_DRIVER -DSTM32F103xB -c -I../Core/Inc -I../Drivers/STM32F1xx_HAL_Driver/Inc/Legacy -I../Drivers/STM32F1xx_HAL_Driver/Inc -I../Drivers/CMSIS/Device/ST/STM32F1xx/Include -I../Drivers/CMSIS/Include -I../CRC -I../CANlibrary -O0 -ffunction-sections -fdata-sections -Wall -fstack-usage -fcyclomatic-complexity -MMD -MP -MF"CANlibrary/CAN_Init.d" -MT"CANlibrary/CAN_Init.o" --specs=nano.specs -mfloat-abi=soft -mthumb -o "CANlibrary/CAN_Init.o"
arm-none-eabi-gcc "../CANlibrary/CAN_OSI.c" -mcpu=cortex-m3 -std=gnu11 -g3 -DDEBUG -DUSE_HAL_DRIVER -DSTM32F103xB -c -I../Core/Inc -I../Drivers/STM32F1xx_HAL_Driver/Inc/Legacy -I../Drivers/STM32F1xx_HAL_Driver/Inc -I../Drivers/CMSIS/Device/ST/STM32F1xx/Include -I../Drivers/CMSIS/Include -I../CRC -I../CANlibrary -O0 -ffunction-sections -fdata-sections -Wall -fstack-usage -fcyclomatic-complexity -MMD -MP -MF"CANlibrary/CAN_OSI.d" -MT"CANlibrary/CAN_OSI.o" --specs=nano.specs -mfloat-abi=soft -mthumb -o "CANlibrary/CAN_OSI.o"
../Core/Src/main.c: In function 'main':
../Core/Src/main.c:115:12: warning: unused variable 'cnt' [-Wunused-variable]
  115 |   uint32_t cnt=0;
      |            ^~~
../Core/Src/main.c:114:11: warning: unused variable 'Len' [-Wunused-variable]
  114 |   uint8_t Len=0;
      |           ^~~
../Core/Src/main.c:113:11: warning: unused variable 'mess' [-Wunused-variable]
  113 |   uint8_t mess[100]={0};
      |           ^~~~
../Core/Src/main.c:111:11: warning: unused variable 'DataRec' [-Wunused-variable]
  111 |   uint8_t DataRec[16];
      |           ^~~~~~~
../Core/Src/main.c:108:23: warning: unused variable 'FlagRec' [-Wunused-variable]
  108 |   FlagRecNotification FlagRec;
      |                       ^~~~~~~
../Core/Src/main.c:107:23: warning: unused variable 'RxHeader' [-Wunused-variable]
  107 |   CAN_RxHeaderTypeDef RxHeader;
      |                       ^~~~~~~~
../Core/Src/main.c:101:12: warning: unused variable 'Txmailbox' [-Wunused-variable]
  101 |   uint32_t Txmailbox;
      |            ^~~~~~~~~
arm-none-eabi-gcc -o "CAN_Goft.elf" @"objects.list"   -mcpu=cortex-m3 -T"D:\CAN_Workspace\CAN_Goft\STM32F103C8TX_FLASH.ld" --specs=nosys.specs -Wl,-Map="CAN_Goft.map" -Wl,--gc-sections -static --specs=nano.specs -mfloat-abi=soft -mthumb -Wl,--start-group -lc -lm -Wl,--end-group
Finished building target: CAN_Goft.elf
 
arm-none-eabi-size   CAN_Goft.elf 
arm-none-eabi-objdump -h -S  CAN_Goft.elf  > "CAN_Goft.list"
   text	   data	    bss	    dec	    hex	filename
  10304	     20	   1684	  12008	   2ee8	CAN_Goft.elf
Finished building: default.size.stdout
 
Finished building: CAN_Goft.list
 
13:46:56 **** Incremental Build of configuration Debug for project CAN_Goft ****
make -j8 all 
arm-none-eabi-gcc "../Core/Src/main.c" -mcpu=cortex-m3 -std=gnu11 -g3 -DDEBUG -DUSE_HAL_DRIVER -DSTM32F103xB -c -I../Core/Inc -I../Drivers/STM32F1xx_HAL_Driver/Inc/Legacy -I../Drivers/STM32F1xx_HAL_Driver/Inc -I../Drivers/CMSIS/Device/ST/STM32F1xx/Include -I../Drivers/CMSIS/Include -I../CRC -I../CANlibrary -O0 -ffunction-sections -fdata-sections -Wall -fstack-usage -fcyclomatic-complexity -MMD -MP -MF"Core/Src/main.d" -MT"Core/Src/main.o" --specs=nano.specs -mfloat-abi=soft -mthumb -o "Core/Src/main.o"
arm-none-eabi-gcc "../CANlibrary/CAN_Init.c" -mcpu=cortex-m3 -std=gnu11 -g3 -DDEBUG -DUSE_HAL_DRIVER -DSTM32F103xB -c -I../Core/Inc -I../Drivers/STM32F1xx_HAL_Driver/Inc/Legacy -I../Drivers/STM32F1xx_HAL_Driver/Inc -I../Drivers/CMSIS/Device/ST/STM32F1xx/Include -I../Drivers/CMSIS/Include -I../CRC -I../CANlibrary -O0 -ffunction-sections -fdata-sections -Wall -fstack-usage -fcyclomatic-complexity -MMD -MP -MF"CANlibrary/CAN_Init.d" -MT"CANlibrary/CAN_Init.o" --specs=nano.specs -mfloat-abi=soft -mthumb -o "CANlibrary/CAN_Init.o"
arm-none-eabi-gcc "../CANlibrary/CAN_OSI.c" -mcpu=cortex-m3 -std=gnu11 -g3 -DDEBUG -DUSE_HAL_DRIVER -DSTM32F103xB -c -I../Core/Inc -I../Drivers/STM32F1xx_HAL_Driver/Inc/Legacy -I../Drivers/STM32F1xx_HAL_Driver/Inc -I../Drivers/CMSIS/Device/ST/STM32F1xx/Include -I../Drivers/CMSIS/Include -I../CRC -I../CANlibrary -O0 -ffunction-sections -fdata-sections -Wall -fstack-usage -fcyclomatic-complexity -MMD -MP -MF"CANlibrary/CAN_OSI.d" -MT"CANlibrary/CAN_OSI.o" --specs=nano.specs -mfloat-abi=soft -mthumb -o "CANlibrary/CAN_OSI.o"
../Core/Src/main.c: In function 'main':
../Core/Src/main.c:115:12: warning: unused variable 'cnt' [-Wunused-variable]
  115 |   uint32_t cnt=0;
      |            ^~~
../Core/Src/main.c:114:11: warning: unused variable 'Len' [-Wunused-variable]
  114 |   uint8_t Len=0;
      |           ^~~
../Core/Src/main.c:113:11: warning: unused variable 'mess' [-Wunused-variable]
  113 |   uint8_t mess[100]={0};
      |           ^~~~
../Core/Src/main.c:111:11: warning: unused variable 'DataRec' [-Wunused-variable]
  111 |   uint8_t DataRec[16];
      |           ^~~~~~~
../Core/Src/main.c:108:23: warning: unused variable 'FlagRec' [-Wunused-variable]
  108 |   FlagRecNotification FlagRec;
      |                       ^~~~~~~
../Core/Src/main.c:107:23: warning: unused variable 'RxHeader' [-Wunused-variable]
  107 |   CAN_RxHeaderTypeDef RxHeader;
      |                       ^~~~~~~~
../Core/Src/main.c:101:12: warning: unused variable 'Txmailbox' [-Wunused-variable]
  101 |   uint32_t Txmailbox;
      |            ^~~~~~~~~
arm-none-eabi-gcc -o "CAN_Goft.elf" @"objects.list"   -mcpu=cortex-m3 -T"D:\CAN_Workspace\CAN_Goft\STM32F103C8TX_FLASH.ld" --specs=nosys.specs -Wl,-Map="CAN_Goft.map" -Wl,--gc-sections -static --specs=nano.specs -mfloat-abi=soft -mthumb -Wl,--start-group -lc -lm -Wl,--end-group
Finished building target: CAN_Goft.elf
 
arm-none-eabi-size   CAN_Goft.elf 
arm-none-eabi-objdump -h -S  CAN_Goft.elf  > "CAN_Goft.list"
   text	   data	    bss	    dec	    hex	filename
  10304	     20	   1684	  12008	   2ee8	CAN_Goft.elf
Finished building: default.size.stdout
 
Finished building: CAN_Goft.list
 
13:47:19 **** Incremental Build of configuration Debug for project CAN_Goft ****
make -j8 all 
arm-none-eabi-gcc "../Core/Src/main.c" -mcpu=cortex-m3 -std=gnu11 -g3 -DDEBUG -DUSE_HAL_DRIVER -DSTM32F103xB -c -I../Core/Inc -I../Drivers/STM32F1xx_HAL_Driver/Inc/Legacy -I../Drivers/STM32F1xx_HAL_Driver/Inc -I../Drivers/CMSIS/Device/ST/STM32F1xx/Include -I../Drivers/CMSIS/Include -I../CRC -I../CANlibrary -O0 -ffunction-sections -fdata-sections -Wall -fstack-usage -fcyclomatic-complexity -MMD -MP -MF"Core/Src/main.d" -MT"Core/Src/main.o" --specs=nano.specs -mfloat-abi=soft -mthumb -o "Core/Src/main.o"
arm-none-eabi-gcc "../CANlibrary/CAN_Init.c" -mcpu=cortex-m3 -std=gnu11 -g3 -DDEBUG -DUSE_HAL_DRIVER -DSTM32F103xB -c -I../Core/Inc -I../Drivers/STM32F1xx_HAL_Driver/Inc/Legacy -I../Drivers/STM32F1xx_HAL_Driver/Inc -I../Drivers/CMSIS/Device/ST/STM32F1xx/Include -I../Drivers/CMSIS/Include -I../CRC -I../CANlibrary -O0 -ffunction-sections -fdata-sections -Wall -fstack-usage -fcyclomatic-complexity -MMD -MP -MF"CANlibrary/CAN_Init.d" -MT"CANlibrary/CAN_Init.o" --specs=nano.specs -mfloat-abi=soft -mthumb -o "CANlibrary/CAN_Init.o"
arm-none-eabi-gcc "../CANlibrary/CAN_OSI.c" -mcpu=cortex-m3 -std=gnu11 -g3 -DDEBUG -DUSE_HAL_DRIVER -DSTM32F103xB -c -I../Core/Inc -I../Drivers/STM32F1xx_HAL_Driver/Inc/Legacy -I../Drivers/STM32F1xx_HAL_Driver/Inc -I../Drivers/CMSIS/Device/ST/STM32F1xx/Include -I../Drivers/CMSIS/Include -I../CRC -I../CANlibrary -O0 -ffunction-sections -fdata-sections -Wall -fstack-usage -fcyclomatic-complexity -MMD -MP -MF"CANlibrary/CAN_OSI.d" -MT"CANlibrary/CAN_OSI.o" --specs=nano.specs -mfloat-abi=soft -mthumb -o "CANlibrary/CAN_OSI.o"
../Core/Src/main.c: In function 'main':
../Core/Src/main.c:115:12: warning: unused variable 'cnt' [-Wunused-variable]
  115 |   uint32_t cnt=0;
      |            ^~~
../Core/Src/main.c:114:11: warning: unused variable 'Len' [-Wunused-variable]
  114 |   uint8_t Len=0;
      |           ^~~
../Core/Src/main.c:113:11: warning: unused variable 'mess' [-Wunused-variable]
  113 |   uint8_t mess[100]={0};
      |           ^~~~
../Core/Src/main.c:111:11: warning: unused variable 'DataRec' [-Wunused-variable]
  111 |   uint8_t DataRec[16];
      |           ^~~~~~~
../Core/Src/main.c:108:23: warning: unused variable 'FlagRec' [-Wunused-variable]
  108 |   FlagRecNotification FlagRec;
      |                       ^~~~~~~
../Core/Src/main.c:107:23: warning: unused variable 'RxHeader' [-Wunused-variable]
  107 |   CAN_RxHeaderTypeDef RxHeader;
      |                       ^~~~~~~~
../Core/Src/main.c:101:12: warning: unused variable 'Txmailbox' [-Wunused-variable]
  101 |   uint32_t Txmailbox;
      |            ^~~~~~~~~
arm-none-eabi-gcc -o "CAN_Goft.elf" @"objects.list"   -mcpu=cortex-m3 -T"D:\CAN_Workspace\CAN_Goft\STM32F103C8TX_FLASH.ld" --specs=nosys.specs -Wl,-Map="CAN_Goft.map" -Wl,--gc-sections -static --specs=nano.specs -mfloat-abi=soft -mthumb -Wl,--start-group -lc -lm -Wl,--end-group
Finished building target: CAN_Goft.elf
 
arm-none-eabi-size   CAN_Goft.elf 
arm-none-eabi-objdump -h -S  CAN_Goft.elf  > "CAN_Goft.list"
   text	   data	    bss	    dec	    hex	filename
  10304	     20	   1684	  12008	   2ee8	CAN_Goft.elf
Finished building: default.size.stdout
 
Finished building: CAN_Goft.list
 
13:52:30 **** Incremental Build of configuration Debug for project CAN_Goft ****
make -j8 all 
arm-none-eabi-gcc "../Core/Src/main.c" -mcpu=cortex-m3 -std=gnu11 -g3 -DDEBUG -DUSE_HAL_DRIVER -DSTM32F103xB -c -I../Core/Inc -I../Drivers/STM32F1xx_HAL_Driver/Inc/Legacy -I../Drivers/STM32F1xx_HAL_Driver/Inc -I../Drivers/CMSIS/Device/ST/STM32F1xx/Include -I../Drivers/CMSIS/Include -I../CRC -I../CANlibrary -O0 -ffunction-sections -fdata-sections -Wall -fstack-usage -fcyclomatic-complexity -MMD -MP -MF"Core/Src/main.d" -MT"Core/Src/main.o" --specs=nano.specs -mfloat-abi=soft -mthumb -o "Core/Src/main.o"
arm-none-eabi-gcc "../CANlibrary/CAN_Init.c" -mcpu=cortex-m3 -std=gnu11 -g3 -DDEBUG -DUSE_HAL_DRIVER -DSTM32F103xB -c -I../Core/Inc -I../Drivers/STM32F1xx_HAL_Driver/Inc/Legacy -I../Drivers/STM32F1xx_HAL_Driver/Inc -I../Drivers/CMSIS/Device/ST/STM32F1xx/Include -I../Drivers/CMSIS/Include -I../CRC -I../CANlibrary -O0 -ffunction-sections -fdata-sections -Wall -fstack-usage -fcyclomatic-complexity -MMD -MP -MF"CANlibrary/CAN_Init.d" -MT"CANlibrary/CAN_Init.o" --specs=nano.specs -mfloat-abi=soft -mthumb -o "CANlibrary/CAN_Init.o"
arm-none-eabi-gcc "../CANlibrary/CAN_OSI.c" -mcpu=cortex-m3 -std=gnu11 -g3 -DDEBUG -DUSE_HAL_DRIVER -DSTM32F103xB -c -I../Core/Inc -I../Drivers/STM32F1xx_HAL_Driver/Inc/Legacy -I../Drivers/STM32F1xx_HAL_Driver/Inc -I../Drivers/CMSIS/Device/ST/STM32F1xx/Include -I../Drivers/CMSIS/Include -I../CRC -I../CANlibrary -O0 -ffunction-sections -fdata-sections -Wall -fstack-usage -fcyclomatic-complexity -MMD -MP -MF"CANlibrary/CAN_OSI.d" -MT"CANlibrary/CAN_OSI.o" --specs=nano.specs -mfloat-abi=soft -mthumb -o "CANlibrary/CAN_OSI.o"
../Core/Src/main.c: In function 'main':
../Core/Src/main.c:115:12: warning: unused variable 'cnt' [-Wunused-variable]
  115 |   uint32_t cnt=0;
      |            ^~~
../Core/Src/main.c:114:11: warning: unused variable 'Len' [-Wunused-variable]
  114 |   uint8_t Len=0;
      |           ^~~
../Core/Src/main.c:113:11: warning: unused variable 'mess' [-Wunused-variable]
  113 |   uint8_t mess[100]={0};
      |           ^~~~
../Core/Src/main.c:111:11: warning: unused variable 'DataRec' [-Wunused-variable]
  111 |   uint8_t DataRec[16];
      |           ^~~~~~~
../Core/Src/main.c:108:23: warning: unused variable 'FlagRec' [-Wunused-variable]
  108 |   FlagRecNotification FlagRec;
      |                       ^~~~~~~
../Core/Src/main.c:107:23: warning: unused variable 'RxHeader' [-Wunused-variable]
  107 |   CAN_RxHeaderTypeDef RxHeader;
      |                       ^~~~~~~~
../Core/Src/main.c:101:12: warning: unused variable 'Txmailbox' [-Wunused-variable]
  101 |   uint32_t Txmailbox;
      |            ^~~~~~~~~
../CANlibrary/CAN_OSI.c: In function 'CAN_Receive_DataLink':
../CANlibrary/CAN_OSI.c:203:25: warning: 'RxHeader.StdId' is used uninitialized [-Wuninitialized]
  203 |         StdID = RxHeader.StdId;
      |                 ~~~~~~~~^~~~~~
../CANlibrary/CAN_OSI.c:195:29: note: 'RxHeader' declared here
  195 |         CAN_RxHeaderTypeDef RxHeader;
      |                             ^~~~~~~~
arm-none-eabi-gcc -o "CAN_Goft.elf" @"objects.list"   -mcpu=cortex-m3 -T"D:\CAN_Workspace\CAN_Goft\STM32F103C8TX_FLASH.ld" --specs=nosys.specs -Wl,-Map="CAN_Goft.map" -Wl,--gc-sections -static --specs=nano.specs -mfloat-abi=soft -mthumb -Wl,--start-group -lc -lm -Wl,--end-group
Finished building target: CAN_Goft.elf
 
arm-none-eabi-size   CAN_Goft.elf 
arm-none-eabi-objdump -h -S  CAN_Goft.elf  > "CAN_Goft.list"
   text	   data	    bss	    dec	    hex	filename
  10224	     20	   1684	  11928	   2e98	CAN_Goft.elf
Finished building: default.size.stdout
 
Finished building: CAN_Goft.list
 
13:53:26 **** Incremental Build of configuration Debug for project CAN_Goft ****
make -j8 all 
arm-none-eabi-gcc "../Core/Src/main.c" -mcpu=cortex-m3 -std=gnu11 -g3 -DDEBUG -DUSE_HAL_DRIVER -DSTM32F103xB -c -I../Core/Inc -I../Drivers/STM32F1xx_HAL_Driver/Inc/Legacy -I../Drivers/STM32F1xx_HAL_Driver/Inc -I../Drivers/CMSIS/Device/ST/STM32F1xx/Include -I../Drivers/CMSIS/Include -I../CRC -I../CANlibrary -O0 -ffunction-sections -fdata-sections -Wall -fstack-usage -fcyclomatic-complexity -MMD -MP -MF"Core/Src/main.d" -MT"Core/Src/main.o" --specs=nano.specs -mfloat-abi=soft -mthumb -o "Core/Src/main.o"
../Core/Src/main.c: In function 'main':
../Core/Src/main.c:115:12: warning: unused variable 'cnt' [-Wunused-variable]
  115 |   uint32_t cnt=0;
      |            ^~~
../Core/Src/main.c:114:11: warning: unused variable 'Len' [-Wunused-variable]
  114 |   uint8_t Len=0;
      |           ^~~
../Core/Src/main.c:112:11: warning: variable 'Data' set but not used [-Wunused-but-set-variable]
  112 |   uint8_t Data[64]={0};
      |           ^~~~
../Core/Src/main.c:111:11: warning: unused variable 'DataRec' [-Wunused-variable]
  111 |   uint8_t DataRec[16];
      |           ^~~~~~~
../Core/Src/main.c:107:23: warning: unused variable 'RxHeader' [-Wunused-variable]
  107 |   CAN_RxHeaderTypeDef RxHeader;
      |                       ^~~~~~~~
../Core/Src/main.c:102:24: warning: variable 'pIDtype' set but not used [-Wunused-but-set-variable]
  102 |   CANConfigIDTxtypedef pIDtype;
      |                        ^~~~~~~
../Core/Src/main.c:101:12: warning: unused variable 'Txmailbox' [-Wunused-variable]
  101 |   uint32_t Txmailbox;
      |            ^~~~~~~~~
arm-none-eabi-gcc -o "CAN_Goft.elf" @"objects.list"   -mcpu=cortex-m3 -T"D:\CAN_Workspace\CAN_Goft\STM32F103C8TX_FLASH.ld" --specs=nosys.specs -Wl,-Map="CAN_Goft.map" -Wl,--gc-sections -static --specs=nano.specs -mfloat-abi=soft -mthumb -Wl,--start-group -lc -lm -Wl,--end-group
Finished building target: CAN_Goft.elf
 
arm-none-eabi-size   CAN_Goft.elf 
arm-none-eabi-objdump -h -S  CAN_Goft.elf  > "CAN_Goft.list"
   text	   data	    bss	    dec	    hex	filename
  11160	    100	   2012	  13272	   33d8	CAN_Goft.elf
Finished building: default.size.stdout
 
Finished building: CAN_Goft.list
 
13:53:40 **** Incremental Build of configuration Debug for project CAN_Goft ****
make -j8 all 
arm-none-eabi-size   CAN_Goft.elf 
   text	   data	    bss	    dec	    hex	filename
  11160	    100	   2012	  13272	   33d8	CAN_Goft.elf
Finished building: default.size.stdout
 
13:55:03 **** Incremental Build of configuration Debug for project CAN_Goft ****
make -j8 all 
arm-none-eabi-size   CAN_Goft.elf 
   text	   data	    bss	    dec	    hex	filename
  11160	    100	   2012	  13272	   33d8	CAN_Goft.elf
Finished building: default.size.stdout
 
13:55:51 **** Incremental Build of configuration Debug for project CAN_Goft ****
make -j8 all 
arm-none-eabi-gcc "../CANlibrary/CAN_OSI.c" -mcpu=cortex-m3 -std=gnu11 -g3 -DDEBUG -DUSE_HAL_DRIVER -DSTM32F103xB -c -I../Core/Inc -I../Drivers/STM32F1xx_HAL_Driver/Inc/Legacy -I../Drivers/STM32F1xx_HAL_Driver/Inc -I../Drivers/CMSIS/Device/ST/STM32F1xx/Include -I../Drivers/CMSIS/Include -I../CRC -I../CANlibrary -O0 -ffunction-sections -fdata-sections -Wall -fstack-usage -fcyclomatic-complexity -MMD -MP -MF"CANlibrary/CAN_OSI.d" -MT"CANlibrary/CAN_OSI.o" --specs=nano.specs -mfloat-abi=soft -mthumb -o "CANlibrary/CAN_OSI.o"
arm-none-eabi-gcc -o "CAN_Goft.elf" @"objects.list"   -mcpu=cortex-m3 -T"D:\CAN_Workspace\CAN_Goft\STM32F103C8TX_FLASH.ld" --specs=nosys.specs -Wl,-Map="CAN_Goft.map" -Wl,--gc-sections -static --specs=nano.specs -mfloat-abi=soft -mthumb -Wl,--start-group -lc -lm -Wl,--end-group
Finished building target: CAN_Goft.elf
 
arm-none-eabi-size   CAN_Goft.elf 
arm-none-eabi-objdump -h -S  CAN_Goft.elf  > "CAN_Goft.list"
   text	   data	    bss	    dec	    hex	filename
  11896	    100	   2012	  14008	   36b8	CAN_Goft.elf
Finished building: default.size.stdout
 
Finished building: CAN_Goft.list
 
13:56:28 **** Incremental Build of configuration Debug for project CAN_Goft ****
make -j8 all 
arm-none-eabi-size   CAN_Goft.elf 
   text	   data	    bss	    dec	    hex	filename
  11896	    100	   2012	  14008	   36b8	CAN_Goft.elf
Finished building: default.size.stdout
 
13:57:22 **** Incremental Build of configuration Debug for project CAN_Goft ****
make -j8 all 
arm-none-eabi-size   CAN_Goft.elf 
   text	   data	    bss	    dec	    hex	filename
  11896	    100	   2012	  14008	   36b8	CAN_Goft.elf
Finished building: default.size.stdout
 
13:57:51 **** Incremental Build of configuration Debug for project CAN_Goft ****
make -j8 all 
arm-none-eabi-gcc "../Core/Src/main.c" -mcpu=cortex-m3 -std=gnu11 -g3 -DDEBUG -DUSE_HAL_DRIVER -DSTM32F103xB -c -I../Core/Inc -I../Drivers/STM32F1xx_HAL_Driver/Inc/Legacy -I../Drivers/STM32F1xx_HAL_Driver/Inc -I../Drivers/CMSIS/Device/ST/STM32F1xx/Include -I../Drivers/CMSIS/Include -I../CRC -I../CANlibrary -O0 -ffunction-sections -fdata-sections -Wall -fstack-usage -fcyclomatic-complexity -MMD -MP -MF"Core/Src/main.d" -MT"Core/Src/main.o" --specs=nano.specs -mfloat-abi=soft -mthumb -o "Core/Src/main.o"
../Core/Src/main.c: In function 'main':
../Core/Src/main.c:115:12: warning: unused variable 'cnt' [-Wunused-variable]
  115 |   uint32_t cnt=0;
      |            ^~~
../Core/Src/main.c:114:11: warning: unused variable 'Len' [-Wunused-variable]
  114 |   uint8_t Len=0;
      |           ^~~
../Core/Src/main.c:112:11: warning: variable 'Data' set but not used [-Wunused-but-set-variable]
  112 |   uint8_t Data[64]={0};
      |           ^~~~
../Core/Src/main.c:111:11: warning: unused variable 'DataRec' [-Wunused-variable]
  111 |   uint8_t DataRec[16];
      |           ^~~~~~~
../Core/Src/main.c:107:23: warning: unused variable 'RxHeader' [-Wunused-variable]
  107 |   CAN_RxHeaderTypeDef RxHeader;
      |                       ^~~~~~~~
../Core/Src/main.c:102:24: warning: variable 'pIDtype' set but not used [-Wunused-but-set-variable]
  102 |   CANConfigIDTxtypedef pIDtype;
      |                        ^~~~~~~
../Core/Src/main.c:101:12: warning: unused variable 'Txmailbox' [-Wunused-variable]
  101 |   uint32_t Txmailbox;
      |            ^~~~~~~~~
arm-none-eabi-gcc -o "CAN_Goft.elf" @"objects.list"   -mcpu=cortex-m3 -T"D:\CAN_Workspace\CAN_Goft\STM32F103C8TX_FLASH.ld" --specs=nosys.specs -Wl,-Map="CAN_Goft.map" -Wl,--gc-sections -static --specs=nano.specs -mfloat-abi=soft -mthumb -Wl,--start-group -lc -lm -Wl,--end-group
Finished building target: CAN_Goft.elf
 
arm-none-eabi-size   CAN_Goft.elf 
arm-none-eabi-objdump -h -S  CAN_Goft.elf  > "CAN_Goft.list"
   text	   data	    bss	    dec	    hex	filename
  12396	    100	   2012	  14508	   38ac	CAN_Goft.elf
Finished building: default.size.stdout
 
Finished building: CAN_Goft.list
 
14:00:44 **** Incremental Build of configuration Debug for project CAN_Goft ****
make -j8 all 
arm-none-eabi-gcc "../Core/Src/main.c" -mcpu=cortex-m3 -std=gnu11 -g3 -DDEBUG -DUSE_HAL_DRIVER -DSTM32F103xB -c -I../Core/Inc -I../Drivers/STM32F1xx_HAL_Driver/Inc/Legacy -I../Drivers/STM32F1xx_HAL_Driver/Inc -I../Drivers/CMSIS/Device/ST/STM32F1xx/Include -I../Drivers/CMSIS/Include -I../CRC -I../CANlibrary -O0 -ffunction-sections -fdata-sections -Wall -fstack-usage -fcyclomatic-complexity -MMD -MP -MF"Core/Src/main.d" -MT"Core/Src/main.o" --specs=nano.specs -mfloat-abi=soft -mthumb -o "Core/Src/main.o"
../Core/Src/main.c: In function 'main':
../Core/Src/main.c:115:12: warning: unused variable 'cnt' [-Wunused-variable]
  115 |   uint32_t cnt=0;
      |            ^~~
../Core/Src/main.c:114:11: warning: unused variable 'Len' [-Wunused-variable]
  114 |   uint8_t Len=0;
      |           ^~~
../Core/Src/main.c:113:11: warning: unused variable 'mess' [-Wunused-variable]
  113 |   uint8_t mess[100]={0};
      |           ^~~~
../Core/Src/main.c:111:11: warning: unused variable 'DataRec' [-Wunused-variable]
  111 |   uint8_t DataRec[16];
      |           ^~~~~~~
../Core/Src/main.c:108:23: warning: unused variable 'FlagRec' [-Wunused-variable]
  108 |   FlagRecNotification FlagRec;
      |                       ^~~~~~~
../Core/Src/main.c:107:23: warning: unused variable 'RxHeader' [-Wunused-variable]
  107 |   CAN_RxHeaderTypeDef RxHeader;
      |                       ^~~~~~~~
../Core/Src/main.c:101:12: warning: unused variable 'Txmailbox' [-Wunused-variable]
  101 |   uint32_t Txmailbox;
      |            ^~~~~~~~~
arm-none-eabi-gcc -o "CAN_Goft.elf" @"objects.list"   -mcpu=cortex-m3 -T"D:\CAN_Workspace\CAN_Goft\STM32F103C8TX_FLASH.ld" --specs=nosys.specs -Wl,-Map="CAN_Goft.map" -Wl,--gc-sections -static --specs=nano.specs -mfloat-abi=soft -mthumb -Wl,--start-group -lc -lm -Wl,--end-group
Finished building target: CAN_Goft.elf
 
arm-none-eabi-size   CAN_Goft.elf 
arm-none-eabi-objdump -h -S  CAN_Goft.elf  > "CAN_Goft.list"
   text	   data	    bss	    dec	    hex	filename
  10224	     20	   1684	  11928	   2e98	CAN_Goft.elf
Finished building: default.size.stdout
 
Finished building: CAN_Goft.list
 
14:01:49 **** Incremental Build of configuration Debug for project CAN_Goft ****
make -j8 all 
arm-none-eabi-gcc "../Core/Src/main.c" -mcpu=cortex-m3 -std=gnu11 -g3 -DDEBUG -DUSE_HAL_DRIVER -DSTM32F103xB -c -I../Core/Inc -I../Drivers/STM32F1xx_HAL_Driver/Inc/Legacy -I../Drivers/STM32F1xx_HAL_Driver/Inc -I../Drivers/CMSIS/Device/ST/STM32F1xx/Include -I../Drivers/CMSIS/Include -I../CRC -I../CANlibrary -O0 -ffunction-sections -fdata-sections -Wall -fstack-usage -fcyclomatic-complexity -MMD -MP -MF"Core/Src/main.d" -MT"Core/Src/main.o" --specs=nano.specs -mfloat-abi=soft -mthumb -o "Core/Src/main.o"
../Core/Src/main.c: In function 'main':
../Core/Src/main.c:141:13: warning: suggest parentheses around assignment used as truth value [-Wparentheses]
  141 |          if(FlagRec=REC_PACKET_SUCCESS)
      |             ^~~~~~~
../Core/Src/main.c:115:12: warning: unused variable 'cnt' [-Wunused-variable]
  115 |   uint32_t cnt=0;
      |            ^~~
../Core/Src/main.c:114:11: warning: unused variable 'Len' [-Wunused-variable]
  114 |   uint8_t Len=0;
      |           ^~~
../Core/Src/main.c:112:11: warning: variable 'Data' set but not used [-Wunused-but-set-variable]
  112 |   uint8_t Data[64]={0};
      |           ^~~~
../Core/Src/main.c:111:11: warning: unused variable 'DataRec' [-Wunused-variable]
  111 |   uint8_t DataRec[16];
      |           ^~~~~~~
../Core/Src/main.c:107:23: warning: unused variable 'RxHeader' [-Wunused-variable]
  107 |   CAN_RxHeaderTypeDef RxHeader;
      |                       ^~~~~~~~
../Core/Src/main.c:102:24: warning: variable 'pIDtype' set but not used [-Wunused-but-set-variable]
  102 |   CANConfigIDTxtypedef pIDtype;
      |                        ^~~~~~~
../Core/Src/main.c:101:12: warning: unused variable 'Txmailbox' [-Wunused-variable]
  101 |   uint32_t Txmailbox;
      |            ^~~~~~~~~
arm-none-eabi-gcc -o "CAN_Goft.elf" @"objects.list"   -mcpu=cortex-m3 -T"D:\CAN_Workspace\CAN_Goft\STM32F103C8TX_FLASH.ld" --specs=nosys.specs -Wl,-Map="CAN_Goft.map" -Wl,--gc-sections -static --specs=nano.specs -mfloat-abi=soft -mthumb -Wl,--start-group -lc -lm -Wl,--end-group
Finished building target: CAN_Goft.elf
 
arm-none-eabi-size   CAN_Goft.elf 
arm-none-eabi-objdump -h -S  CAN_Goft.elf  > "CAN_Goft.list"
   text	   data	    bss	    dec	    hex	filename
  12408	    100	   2012	  14520	   38b8	CAN_Goft.elf
Finished building: default.size.stdout
 
Finished building: CAN_Goft.list
 
14:02:53 **** Incremental Build of configuration Debug for project CAN_Goft ****
make -j8 all 
arm-none-eabi-gcc "../Core/Src/main.c" -mcpu=cortex-m3 -std=gnu11 -g3 -DDEBUG -DUSE_HAL_DRIVER -DSTM32F103xB -c -I../Core/Inc -I../Drivers/STM32F1xx_HAL_Driver/Inc/Legacy -I../Drivers/STM32F1xx_HAL_Driver/Inc -I../Drivers/CMSIS/Device/ST/STM32F1xx/Include -I../Drivers/CMSIS/Include -I../CRC -I../CANlibrary -O0 -ffunction-sections -fdata-sections -Wall -fstack-usage -fcyclomatic-complexity -MMD -MP -MF"Core/Src/main.d" -MT"Core/Src/main.o" --specs=nano.specs -mfloat-abi=soft -mthumb -o "Core/Src/main.o"
../Core/Src/main.c: In function 'main':
../Core/Src/main.c:115:12: warning: unused variable 'cnt' [-Wunused-variable]
  115 |   uint32_t cnt=0;
      |            ^~~
../Core/Src/main.c:114:11: warning: unused variable 'Len' [-Wunused-variable]
  114 |   uint8_t Len=0;
      |           ^~~
../Core/Src/main.c:113:11: warning: unused variable 'mess' [-Wunused-variable]
  113 |   uint8_t mess[100]={0};
      |           ^~~~
../Core/Src/main.c:111:11: warning: unused variable 'DataRec' [-Wunused-variable]
  111 |   uint8_t DataRec[16];
      |           ^~~~~~~
../Core/Src/main.c:108:23: warning: unused variable 'FlagRec' [-Wunused-variable]
  108 |   FlagRecNotification FlagRec;
      |                       ^~~~~~~
../Core/Src/main.c:107:23: warning: unused variable 'RxHeader' [-Wunused-variable]
  107 |   CAN_RxHeaderTypeDef RxHeader;
      |                       ^~~~~~~~
../Core/Src/main.c:101:12: warning: unused variable 'Txmailbox' [-Wunused-variable]
  101 |   uint32_t Txmailbox;
      |            ^~~~~~~~~
arm-none-eabi-gcc -o "CAN_Goft.elf" @"objects.list"   -mcpu=cortex-m3 -T"D:\CAN_Workspace\CAN_Goft\STM32F103C8TX_FLASH.ld" --specs=nosys.specs -Wl,-Map="CAN_Goft.map" -Wl,--gc-sections -static --specs=nano.specs -mfloat-abi=soft -mthumb -Wl,--start-group -lc -lm -Wl,--end-group
Finished building target: CAN_Goft.elf
 
arm-none-eabi-size   CAN_Goft.elf 
arm-none-eabi-objdump -h -S  CAN_Goft.elf  > "CAN_Goft.list"
   text	   data	    bss	    dec	    hex	filename
  10224	     20	   1684	  11928	   2e98	CAN_Goft.elf
Finished building: default.size.stdout
 
Finished building: CAN_Goft.list
 
14:03:28 **** Incremental Build of configuration Debug for project CAN_Goft ****
make -j8 all 
arm-none-eabi-gcc "../Core/Src/main.c" -mcpu=cortex-m3 -std=gnu11 -g3 -DDEBUG -DUSE_HAL_DRIVER -DSTM32F103xB -c -I../Core/Inc -I../Drivers/STM32F1xx_HAL_Driver/Inc/Legacy -I../Drivers/STM32F1xx_HAL_Driver/Inc -I../Drivers/CMSIS/Device/ST/STM32F1xx/Include -I../Drivers/CMSIS/Include -I../CRC -I../CANlibrary -O0 -ffunction-sections -fdata-sections -Wall -fstack-usage -fcyclomatic-complexity -MMD -MP -MF"Core/Src/main.d" -MT"Core/Src/main.o" --specs=nano.specs -mfloat-abi=soft -mthumb -o "Core/Src/main.o"
../Core/Src/main.c: In function 'main':
../Core/Src/main.c:115:12: warning: unused variable 'cnt' [-Wunused-variable]
  115 |   uint32_t cnt=0;
      |            ^~~
../Core/Src/main.c:114:11: warning: unused variable 'Len' [-Wunused-variable]
  114 |   uint8_t Len=0;
      |           ^~~
../Core/Src/main.c:112:11: warning: variable 'Data' set but not used [-Wunused-but-set-variable]
  112 |   uint8_t Data[64]={0};
      |           ^~~~
../Core/Src/main.c:111:11: warning: unused variable 'DataRec' [-Wunused-variable]
  111 |   uint8_t DataRec[16];
      |           ^~~~~~~
../Core/Src/main.c:107:23: warning: unused variable 'RxHeader' [-Wunused-variable]
  107 |   CAN_RxHeaderTypeDef RxHeader;
      |                       ^~~~~~~~
../Core/Src/main.c:102:24: warning: variable 'pIDtype' set but not used [-Wunused-but-set-variable]
  102 |   CANConfigIDTxtypedef pIDtype;
      |                        ^~~~~~~
../Core/Src/main.c:101:12: warning: unused variable 'Txmailbox' [-Wunused-variable]
  101 |   uint32_t Txmailbox;
      |            ^~~~~~~~~
arm-none-eabi-gcc -o "CAN_Goft.elf" @"objects.list"   -mcpu=cortex-m3 -T"D:\CAN_Workspace\CAN_Goft\STM32F103C8TX_FLASH.ld" --specs=nosys.specs -Wl,-Map="CAN_Goft.map" -Wl,--gc-sections -static --specs=nano.specs -mfloat-abi=soft -mthumb -Wl,--start-group -lc -lm -Wl,--end-group
Finished building target: CAN_Goft.elf
 
arm-none-eabi-size   CAN_Goft.elf 
arm-none-eabi-objdump -h -S  CAN_Goft.elf  > "CAN_Goft.list"
   text	   data	    bss	    dec	    hex	filename
  12344	    100	   2012	  14456	   3878	CAN_Goft.elf
Finished building: default.size.stdout
 
Finished building: CAN_Goft.list
 
14:03:37 **** Incremental Build of configuration Debug for project CAN_Goft ****
make -j8 all 
arm-none-eabi-size   CAN_Goft.elf 
   text	   data	    bss	    dec	    hex	filename
  12344	    100	   2012	  14456	   3878	CAN_Goft.elf
Finished building: default.size.stdout
 
14:04:30 **** Incremental Build of configuration Debug for project CAN_Goft ****
make -j8 all 
arm-none-eabi-gcc "../Core/Src/main.c" -mcpu=cortex-m3 -std=gnu11 -g3 -DDEBUG -DUSE_HAL_DRIVER -DSTM32F103xB -c -I../Core/Inc -I../Drivers/STM32F1xx_HAL_Driver/Inc/Legacy -I../Drivers/STM32F1xx_HAL_Driver/Inc -I../Drivers/CMSIS/Device/ST/STM32F1xx/Include -I../Drivers/CMSIS/Include -I../CRC -I../CANlibrary -O0 -ffunction-sections -fdata-sections -Wall -fstack-usage -fcyclomatic-complexity -MMD -MP -MF"Core/Src/main.d" -MT"Core/Src/main.o" --specs=nano.specs -mfloat-abi=soft -mthumb -o "Core/Src/main.o"
arm-none-eabi-gcc "../CANlibrary/CAN_Init.c" -mcpu=cortex-m3 -std=gnu11 -g3 -DDEBUG -DUSE_HAL_DRIVER -DSTM32F103xB -c -I../Core/Inc -I../Drivers/STM32F1xx_HAL_Driver/Inc/Legacy -I../Drivers/STM32F1xx_HAL_Driver/Inc -I../Drivers/CMSIS/Device/ST/STM32F1xx/Include -I../Drivers/CMSIS/Include -I../CRC -I../CANlibrary -O0 -ffunction-sections -fdata-sections -Wall -fstack-usage -fcyclomatic-complexity -MMD -MP -MF"CANlibrary/CAN_Init.d" -MT"CANlibrary/CAN_Init.o" --specs=nano.specs -mfloat-abi=soft -mthumb -o "CANlibrary/CAN_Init.o"
arm-none-eabi-gcc "../CANlibrary/CAN_OSI.c" -mcpu=cortex-m3 -std=gnu11 -g3 -DDEBUG -DUSE_HAL_DRIVER -DSTM32F103xB -c -I../Core/Inc -I../Drivers/STM32F1xx_HAL_Driver/Inc/Legacy -I../Drivers/STM32F1xx_HAL_Driver/Inc -I../Drivers/CMSIS/Device/ST/STM32F1xx/Include -I../Drivers/CMSIS/Include -I../CRC -I../CANlibrary -O0 -ffunction-sections -fdata-sections -Wall -fstack-usage -fcyclomatic-complexity -MMD -MP -MF"CANlibrary/CAN_OSI.d" -MT"CANlibrary/CAN_OSI.o" --specs=nano.specs -mfloat-abi=soft -mthumb -o "CANlibrary/CAN_OSI.o"
../Core/Src/main.c: In function 'main':
../Core/Src/main.c:115:12: warning: unused variable 'cnt' [-Wunused-variable]
  115 |   uint32_t cnt=0;
      |            ^~~
../Core/Src/main.c:114:11: warning: unused variable 'Len' [-Wunused-variable]
  114 |   uint8_t Len=0;
      |           ^~~
../Core/Src/main.c:112:11: warning: variable 'Data' set but not used [-Wunused-but-set-variable]
  112 |   uint8_t Data[64]={0};
      |           ^~~~
../Core/Src/main.c:111:11: warning: unused variable 'DataRec' [-Wunused-variable]
  111 |   uint8_t DataRec[16];
      |           ^~~~~~~
../Core/Src/main.c:107:23: warning: unused variable 'RxHeader' [-Wunused-variable]
  107 |   CAN_RxHeaderTypeDef RxHeader;
      |                       ^~~~~~~~
../Core/Src/main.c:102:24: warning: variable 'pIDtype' set but not used [-Wunused-but-set-variable]
  102 |   CANConfigIDTxtypedef pIDtype;
      |                        ^~~~~~~
../Core/Src/main.c:101:12: warning: unused variable 'Txmailbox' [-Wunused-variable]
  101 |   uint32_t Txmailbox;
      |            ^~~~~~~~~
arm-none-eabi-gcc -o "CAN_Goft.elf" @"objects.list"   -mcpu=cortex-m3 -T"D:\CAN_Workspace\CAN_Goft\STM32F103C8TX_FLASH.ld" --specs=nosys.specs -Wl,-Map="CAN_Goft.map" -Wl,--gc-sections -static --specs=nano.specs -mfloat-abi=soft -mthumb -Wl,--start-group -lc -lm -Wl,--end-group
Finished building target: CAN_Goft.elf
 
arm-none-eabi-size   CAN_Goft.elf 
arm-none-eabi-objdump -h -S  CAN_Goft.elf  > "CAN_Goft.list"
   text	   data	    bss	    dec	    hex	filename
  12344	    100	   2012	  14456	   3878	CAN_Goft.elf
Finished building: default.size.stdout
 
Finished building: CAN_Goft.list
 
14:05:37 **** Incremental Build of configuration Debug for project CAN_Goft ****
make -j8 all 
arm-none-eabi-gcc "../Core/Src/main.c" -mcpu=cortex-m3 -std=gnu11 -g3 -DDEBUG -DUSE_HAL_DRIVER -DSTM32F103xB -c -I../Core/Inc -I../Drivers/STM32F1xx_HAL_Driver/Inc/Legacy -I../Drivers/STM32F1xx_HAL_Driver/Inc -I../Drivers/CMSIS/Device/ST/STM32F1xx/Include -I../Drivers/CMSIS/Include -I../CRC -I../CANlibrary -O0 -ffunction-sections -fdata-sections -Wall -fstack-usage -fcyclomatic-complexity -MMD -MP -MF"Core/Src/main.d" -MT"Core/Src/main.o" --specs=nano.specs -mfloat-abi=soft -mthumb -o "Core/Src/main.o"
../Core/Src/main.c: In function 'main':
../Core/Src/main.c:115:12: warning: unused variable 'cnt' [-Wunused-variable]
  115 |   uint32_t cnt=0;
      |            ^~~
../Core/Src/main.c:114:11: warning: unused variable 'Len' [-Wunused-variable]
  114 |   uint8_t Len=0;
      |           ^~~
../Core/Src/main.c:113:11: warning: unused variable 'mess' [-Wunused-variable]
  113 |   uint8_t mess[100]={0};
      |           ^~~~
../Core/Src/main.c:111:11: warning: unused variable 'DataRec' [-Wunused-variable]
  111 |   uint8_t DataRec[16];
      |           ^~~~~~~
../Core/Src/main.c:108:23: warning: unused variable 'FlagRec' [-Wunused-variable]
  108 |   FlagRecNotification FlagRec;
      |                       ^~~~~~~
../Core/Src/main.c:107:23: warning: unused variable 'RxHeader' [-Wunused-variable]
  107 |   CAN_RxHeaderTypeDef RxHeader;
      |                       ^~~~~~~~
../Core/Src/main.c:101:12: warning: unused variable 'Txmailbox' [-Wunused-variable]
  101 |   uint32_t Txmailbox;
      |            ^~~~~~~~~
arm-none-eabi-gcc -o "CAN_Goft.elf" @"objects.list"   -mcpu=cortex-m3 -T"D:\CAN_Workspace\CAN_Goft\STM32F103C8TX_FLASH.ld" --specs=nosys.specs -Wl,-Map="CAN_Goft.map" -Wl,--gc-sections -static --specs=nano.specs -mfloat-abi=soft -mthumb -Wl,--start-group -lc -lm -Wl,--end-group
Finished building target: CAN_Goft.elf
 
arm-none-eabi-size   CAN_Goft.elf 
arm-none-eabi-objdump -h -S  CAN_Goft.elf  > "CAN_Goft.list"
   text	   data	    bss	    dec	    hex	filename
  10156	     20	   1684	  11860	   2e54	CAN_Goft.elf
Finished building: default.size.stdout
 
Finished building: CAN_Goft.list
 
14:06:33 **** Incremental Build of configuration Debug for project CAN_Goft ****
make -j8 all 
arm-none-eabi-size   CAN_Goft.elf 
   text	   data	    bss	    dec	    hex	filename
  10156	     20	   1684	  11860	   2e54	CAN_Goft.elf
Finished building: default.size.stdout
 
15:02:16 **** Incremental Build of configuration Debug for project CAN_Goft ****
make -j8 all 
arm-none-eabi-gcc "../Core/Src/main.c" -mcpu=cortex-m3 -std=gnu11 -g3 -DDEBUG -DUSE_HAL_DRIVER -DSTM32F103xB -c -I../Core/Inc -I../Drivers/STM32F1xx_HAL_Driver/Inc/Legacy -I../Drivers/STM32F1xx_HAL_Driver/Inc -I../Drivers/CMSIS/Device/ST/STM32F1xx/Include -I../Drivers/CMSIS/Include -I../CRC -I../CANlibrary -O0 -ffunction-sections -fdata-sections -Wall -fstack-usage -fcyclomatic-complexity -MMD -MP -MF"Core/Src/main.d" -MT"Core/Src/main.o" --specs=nano.specs -mfloat-abi=soft -mthumb -o "Core/Src/main.o"
arm-none-eabi-gcc "../CANlibrary/CAN_OSI.c" -mcpu=cortex-m3 -std=gnu11 -g3 -DDEBUG -DUSE_HAL_DRIVER -DSTM32F103xB -c -I../Core/Inc -I../Drivers/STM32F1xx_HAL_Driver/Inc/Legacy -I../Drivers/STM32F1xx_HAL_Driver/Inc -I../Drivers/CMSIS/Device/ST/STM32F1xx/Include -I../Drivers/CMSIS/Include -I../CRC -I../CANlibrary -O0 -ffunction-sections -fdata-sections -Wall -fstack-usage -fcyclomatic-complexity -MMD -MP -MF"CANlibrary/CAN_OSI.d" -MT"CANlibrary/CAN_OSI.o" --specs=nano.specs -mfloat-abi=soft -mthumb -o "CANlibrary/CAN_OSI.o"
../Core/Src/main.c: In function 'main':
../Core/Src/main.c:115:12: warning: unused variable 'cnt' [-Wunused-variable]
  115 |   uint32_t cnt=0;
      |            ^~~
../Core/Src/main.c:114:11: warning: unused variable 'Len' [-Wunused-variable]
  114 |   uint8_t Len=0;
      |           ^~~
../Core/Src/main.c:113:11: warning: unused variable 'mess' [-Wunused-variable]
  113 |   uint8_t mess[100]={0};
      |           ^~~~
../Core/Src/main.c:111:11: warning: unused variable 'DataRec' [-Wunused-variable]
  111 |   uint8_t DataRec[16];
      |           ^~~~~~~
../Core/Src/main.c:108:23: warning: unused variable 'FlagRec' [-Wunused-variable]
  108 |   FlagRecNotification FlagRec;
      |                       ^~~~~~~
../Core/Src/main.c:107:23: warning: unused variable 'RxHeader' [-Wunused-variable]
  107 |   CAN_RxHeaderTypeDef RxHeader;
      |                       ^~~~~~~~
../Core/Src/main.c:101:12: warning: unused variable 'Txmailbox' [-Wunused-variable]
  101 |   uint32_t Txmailbox;
      |            ^~~~~~~~~
../CANlibrary/CAN_OSI.c: In function 'CAN_Receive_Application':
../CANlibrary/CAN_OSI.c:293:9: warning: implicit declaration of function 'CAN_Monitor_Flow' [-Wimplicit-function-declaration]
  293 |         CAN_Monitor_Flow(FlagNotification, FlagFrame);
      |         ^~~~~~~~~~~~~~~~
arm-none-eabi-gcc -o "CAN_Goft.elf" @"objects.list"   -mcpu=cortex-m3 -T"D:\CAN_Workspace\CAN_Goft\STM32F103C8TX_FLASH.ld" --specs=nosys.specs -Wl,-Map="CAN_Goft.map" -Wl,--gc-sections -static --specs=nano.specs -mfloat-abi=soft -mthumb -Wl,--start-group -lc -lm -Wl,--end-group
Finished building target: CAN_Goft.elf
 
arm-none-eabi-size   CAN_Goft.elf 
arm-none-eabi-objdump -h -S  CAN_Goft.elf  > "CAN_Goft.list"
   text	   data	    bss	    dec	    hex	filename
  10156	     20	   1684	  11860	   2e54	CAN_Goft.elf
Finished building: default.size.stdout
 
Finished building: CAN_Goft.list
 
